** Drc report for TAPRX-888.kicad_pcb **
** Created on 2026-08-02T21:45:50 **
** Report includes: Errors, Warnings **

** Found 10 DRC violations **
[hole_to_hole]: Drilled hole too close to other hole (rule 'JLC: hole-to-hole (different net)' min 0.4995 mm; actual 0.3500 mm)
    Rule: JLC: hole-to-hole (different net); error
    @(154.7500 mm, 87.5000 mm): Via [/D13] on F.Cu - B.Cu
    @(155.2500 mm, 87.5000 mm): Via [/D12] on F.Cu - B.Cu
[hole_to_hole]: Drilled hole too close to other hole (rule 'JLC: hole-to-hole (different net)' min 0.4995 mm; actual 0.3500 mm)
    Rule: JLC: hole-to-hole (different net); error
    @(163.2500 mm, 92.7500 mm): Micro via [/D3] on F.Cu - B.Cu
    @(163.2500 mm, 93.2500 mm): Via [/D2] on F.Cu - B.Cu
[hole_to_hole]: Drilled hole too close to other hole (rule 'JLC: hole-to-hole (different net)' min 0.4995 mm; actual 0.3500 mm)
    Rule: JLC: hole-to-hole (different net); error
    @(163.2500 mm, 93.7500 mm): Micro via [/D1] on F.Cu - B.Cu
    @(163.2500 mm, 93.2500 mm): Via [/D2] on F.Cu - B.Cu
[hole_to_hole]: Drilled hole too close to other hole (rule 'JLC: hole-to-hole (different net)' min 0.4995 mm; actual 0.3500 mm)
    Rule: JLC: hole-to-hole (different net); error
    @(163.2500 mm, 90.7500 mm): Via [/D5] on F.Cu - B.Cu
    @(163.2500 mm, 91.2500 mm): Micro via [/D4] on F.Cu - B.Cu
[hole_to_hole]: Drilled hole too close to other hole (rule 'JLC: hole-to-hole (different net)' min 0.4995 mm; actual 0.3500 mm)
    Rule: JLC: hole-to-hole (different net); error
    @(163.2500 mm, 90.2500 mm): Micro via [/D6] on F.Cu - B.Cu
    @(163.2500 mm, 90.7500 mm): Via [/D5] on F.Cu - B.Cu
[silk_overlap]: Silkscreen clearance (board setup constraints silk clearance 0.1500 mm; actual 0.0786 mm)
    Rule: board setup constraints silk; warning
    @(158.2000 mm, 101.7000 mm): Segment on F.Silkscreen
    @(160.0000 mm, 102.6000 mm): Reference field of R58
[silk_overlap]: Silkscreen clearance (board setup constraints silk clearance 0.1500 mm; actual 0.0300 mm)
    Rule: board setup constraints silk; warning
    @(149.6500 mm, 86.4000 mm): Segment of C2 on F.Silkscreen
    @(150.5000 mm, 86.5000 mm): Segment of U11 on F.Silkscreen
[silk_overlap]: Silkscreen clearance (board setup constraints silk clearance 0.1500 mm; actual 0.0603 mm)
    Rule: board setup constraints silk; warning
    @(149.6500 mm, 86.4000 mm): Segment of C2 on F.Silkscreen
    @(153.0000 mm, 86.5000 mm): Segment of U11 on F.Silkscreen
[silk_overlap]: Silkscreen clearance (board setup constraints silk clearance 0.1500 mm; actual 0.1177 mm)
    Rule: board setup constraints silk; warning
    @(147.6000 mm, 84.0000 mm): Reference field of C77
    @(149.6000 mm, 83.5500 mm): Segment of C45 on F.Silkscreen
[silk_overlap]: Silkscreen clearance (board setup constraints silk clearance 0.1500 mm; actual 0.0773 mm)
    Rule: board setup constraints silk; warning
    @(150.5000 mm, 96.5000 mm): Reference field of R61
    @(149.8500 mm, 96.1500 mm): Segment of R61 on F.Silkscreen

** Found 0 unconnected pads **

** Found 0 Footprint errors **

** Ignored checks **
    - Track endpoint not centered on via
    - Tuning profile track geometries
    - Footprint doesn't match symbol's footprint filters
    - PTH inside courtyard
    - NPTH inside courtyard
    - Footprint component type doesn't match footprint pads

** End of Report **
